[14:04:56] [ServerMain/INFO]: [bootstrap] Running Java 25 (OpenJDK 64-Bit Server VM 25+36-LTS; Azul Systems, Inc. Zulu25.28+85-CA) on Linux 6.17.0-35-generic (amd64)
[14:04:56] [ServerMain/INFO]: [bootstrap] Loading Paper 1.21.8-60-main@29c8822 (2025-09-06T21:49:13Z) for Minecraft 1.21.8
[14:04:56] [ServerMain/INFO]: [PluginInitializerManager] Initializing plugins...
[14:04:56] [Paper Plugin Remapper Thread - 2/INFO]: [PluginRemapper] Remapping plugin 'plugins/SnowyGems-1.0-Dev.jar'...
[14:04:56] [Paper Plugin Remapper Thread - 2/INFO]: [PluginRemapper] Done remapping plugin 'plugins/SnowyGems-1.0-Dev.jar' in 303ms.
[14:04:56] [ServerMain/INFO]: [PluginInitializerManager] Initialized 2 plugins
[14:04:56] [ServerMain/INFO]: [PluginInitializerManager] Bukkit plugins (2):
 - Snow-Pets (1.0-SNAPSHOT), SnowyGems (1.0-Dev)
[14:04:58] [ServerMain/INFO]: Environment: Environment[sessionHost=https://sessionserver.mojang.com, servicesHost=https://api.minecraftservices.com, name=PROD]
[14:04:59] [ServerMain/INFO]: Loaded 1407 recipes
[14:04:59] [ServerMain/INFO]: Loaded 1520 advancements
[14:04:59] [ServerMain/INFO]: [ca.spottedleaf.dataconverter.minecraft.datatypes.MCTypeRegistry] Initialising converters for DataConverter...
[14:04:59] [ServerMain/INFO]: [ca.spottedleaf.dataconverter.minecraft.datatypes.MCTypeRegistry] Finished initialising converters for DataConverter in 186.8ms
[14:04:59] [Server thread/INFO]: Starting minecraft server version 1.21.8
[14:04:59] [Server thread/INFO]: Loading properties
[14:04:59] [Server thread/INFO]: This server is running Paper version 1.21.8-60-main@29c8822 (2025-09-06T21:49:13Z) (Implementing API version 1.21.8-R0.1-SNAPSHOT)
[14:04:59] [Server thread/INFO]: [spark] This server bundles the spark profiler. For more information please visit https://docs.papermc.io/paper/profiling
[14:04:59] [Server thread/INFO]: Server Ping Player Sample Count: 12
[14:04:59] [Server thread/INFO]: Using 4 threads for Netty based IO
[14:05:00] [Server thread/INFO]: [MoonriseCommon] Paper is using 5 worker threads, 1 I/O threads
[14:05:00] [Server thread/INFO]: [ChunkTaskScheduler] Chunk system is using population gen parallelism: true
[14:05:00] [Server thread/INFO]: Default game type: SURVIVAL
[14:05:00] [Server thread/INFO]: Generating keypair
[14:05:00] [Server thread/INFO]: Starting Minecraft server on 0.0.0.0:26037
[14:05:00] [Server thread/INFO]: Using epoll channel type
[14:05:00] [Server thread/INFO]: Paper: Using libdeflate (Linux x86_64) compression from Velocity.
[14:05:00] [Server thread/INFO]: Paper: Using OpenSSL 3.x.x (Linux x86_64) cipher from Velocity.
[14:05:01] [Server thread/INFO]: [Snow-Pets] Loading server plugin Snow-Pets v1.0-SNAPSHOT
[14:05:01] [Server thread/INFO]: [SnowyGems] Loading server plugin SnowyGems v1.0-Dev
[14:05:01] [Server thread/INFO]: Server permissions file permissions.yml is empty, ignoring it
[14:05:01] [Server thread/WARN]: **** SERVER IS RUNNING IN OFFLINE/INSECURE MODE!
[14:05:01] [Server thread/WARN]: The server will make no attempt to authenticate usernames. Beware.
[14:05:01] [Server thread/WARN]: While this makes the game possible to play without internet access, it also opens up the ability for hackers to connect with any username they choose.
[14:05:01] [Server thread/WARN]: To change this, set "online-mode" to "true" in the server.properties file.
[14:05:01] [Server thread/INFO]: Preparing level "world"
[14:05:01] [Server thread/INFO]: Preparing start region for dimension minecraft:overworld
[14:05:01] [Server thread/INFO]: Preparing spawn area: 0%
[14:05:01] [Server thread/INFO]: Time elapsed: 404 ms
[14:05:01] [Server thread/INFO]: Preparing start region for dimension minecraft:the_nether
[14:05:01] [Server thread/INFO]: Preparing spawn area: 0%
[14:05:02] [Server thread/INFO]: Time elapsed: 55 ms
[14:05:02] [Server thread/INFO]: Preparing start region for dimension minecraft:the_end
[14:05:02] [Server thread/INFO]: Preparing spawn area: 0%
[14:05:02] [Server thread/INFO]: Time elapsed: 30 ms
[14:05:02] [Server thread/INFO]: [Snow-Pets] Enabling Snow-Pets v1.0-SNAPSHOT
[14:05:02] [Server thread/INFO]: [SnowPets-DBG] debug=true
[14:05:02] [Server thread/INFO]: [SnowPets-DBG] 已加载 4 种宠物
[14:05:02] [Server thread/INFO]: [SnowPets-DBG] 已加载 4 种宠物
[14:05:02] [Server thread/INFO]: [SnowPets-DBG] 数据存储就绪
[14:05:02] [Server thread/INFO]: [SnowPets-DBG] 宠物管理器已启动
[14:05:02] [Server thread/INFO]: [Snow-Pets] §a[Snow-Pets] 宠物插件启用完成！
[14:05:02] [Server thread/INFO]: [SnowyGems] Enabling SnowyGems v1.0-Dev
[14:05:02] [Server thread/INFO]: [SnowyGems] §8§l[§b§lSnowyGems§8§l] §a正在启动...
[14:05:02] [Server thread/INFO]: [SnowyGems] §b[SnowyGems] §a已释放 gems/AttributeGem.yml
[14:05:02] [Server thread/INFO]: [SnowyGems] §b[SnowyGems] §a已释放 gems/ButtonGem.yml
[14:05:02] [Server thread/INFO]: [SnowyGems] §b[SnowyGems] §a已释放 gems/EmbedGem.yml
[14:05:02] [Server thread/INFO]: [SnowyGems] §b[SnowyGems] §a已释放 gems/EnchantGem.yml
[14:05:02] [Server thread/INFO]: [SnowyGems] §b[SnowyGems] §a已释放 gems/FunctionGem.yml
[14:05:02] [Server thread/INFO]: [SnowyGems] §b[SnowyGems] §a已释放 gems/LoreGem.yml
[14:05:02] [Server thread/INFO]: [SnowyGems] §b[SnowyGems] §a已释放 gems/MythicGem.yml
[14:05:02] [Server thread/INFO]: [SnowyGems] §b[SnowyGems] §a已释放 gems/PlayerGem.yml
[14:05:02] [Server thread/INFO]: [SnowyGems] §b[SnowyGems] §a已释放 gems/PotionGem.yml
[14:05:02] [Server thread/INFO]: [SnowyGems] §b[SnowyGems] §f加载 §aAttributeGem.yml §f(15 个宝石)
[14:05:02] [Server thread/INFO]: [SnowyGems] §b[SnowyGems] §f加载 §aButtonGem.yml §f(147 个宝石)
[14:05:02] [Server thread/INFO]: [SnowyGems] §b[SnowyGems] §f加载 §aEmbedGem.yml §f(7 个宝石)
[14:05:02] [Server thread/INFO]: [SnowyGems] §b[SnowyGems] §f加载 §aEnchantGem.yml §f(47 个宝石)
[14:05:02] [Server thread/INFO]: [SnowyGems] §b[SnowyGems] §f加载 §aFunctionGem.yml §f(9 个宝石)
[14:05:02] [Server thread/INFO]: [SnowyGems] §b[SnowyGems] §f加载 §aLoreGem.yml §f(145 个宝石)
[14:05:02] [Server thread/INFO]: [SnowyGems] §b[SnowyGems] §f加载 §aMythicGem.yml §f(3 个宝石)
[14:05:02] [Server thread/INFO]: [SnowyGems] §b[SnowyGems] §f加载 §aPlayerGem.yml §f(16 个宝石)
[14:05:02] [Server thread/INFO]: [SnowyGems] §b[SnowyGems] §f加载 §aPotionGem.yml §f(43 个宝石)
[14:05:02] [Server thread/INFO]: [SnowyGems] §b[SnowyGems] §a共加载 432 个宝石
[14:05:02] [Server thread/INFO]: [SnowyGems] §b[SnowyGems] §a加载 GUI 配置
[14:05:02] [Server thread/INFO]: [SnowyGems] §b[SnowyGems] §a加载技能配置
[14:05:02] [Server thread/INFO]: [SnowyGems] §b[SnowyGems] §a所有配置已加载
[14:05:02] [Server thread/INFO]: [SnowyGems] §b[SnowyGems] §f监听器已注册
[14:05:02] [Server thread/INFO]: [SnowyGems] §8§l[§b§lSnowyGems§8§l] §a启动完毕! (§f81ms§a)
[14:05:02] [Server thread/INFO]: [spark] Starting background profiler...
[14:05:02] [Server thread/INFO]: Done preparing level "world" (1.183s)
[14:05:02] [Server thread/INFO]: Running delayed init tasks
[14:05:02] [Server thread/INFO]: Done (6.894s)! For help, type "help"
[14:05:03] [User Authenticator #0/INFO]: UUID of player mincHR546 is f5ce3bd3-863d-3dc8-8723-c1512215c95f
[14:05:03] [Server thread/INFO]: mincHR546 joined the game
[14:05:03] [Server thread/INFO]: mincHR546[/172.18.0.1:45896] logged in with entity id 31 at ([world]-70.74767945726875, 73.0, -245.39438334886432)
[14:05:08] [Server thread/INFO]: [SnowyGems] §b[SnowyGems-DEBUG] §fmincHR546 工作台点击 slot=8 cursor=PLAYER_HEAD isGem=耐久宝石 current=NETHERITE_SWORD
[14:05:08] [Server thread/INFO]: [SnowyGems] §b[SnowyGems-DEBUG] §fapplyGem 开始: gem=耐久宝石 target=NETHERITE_SWORD
[14:05:08] [Server thread/INFO]: [SnowyGems] §b[SnowyGems-DEBUG] §f开始执行奖励 (1 条)
[14:05:08] [Server thread/INFO]: [SnowyGems] §b[SnowyGems-DEBUG] §aapplyGem 成功! 执行了 1 条奖励: [Enchant]
[14:05:08] [Server thread/INFO]: [SnowyGems] §b[SnowyGems-DEBUG] §amincHR546 工作台镶嵌成功: 耐久宝石 -> NETHERITE_SWORD
[14:05:29] [Server thread/INFO]: mincHR546 issued server command: /sgem view
[14:05:35] [Server thread/INFO]: [SnowyGems] §b[SnowyGems-DEBUG] §fmincHR546 右键使用玩家宝石: 蛇胆
[14:05:39] [Server thread/INFO]: mincHR546 issued server command: /sgem view
[14:05:42] [Server thread/INFO]: [SnowyGems] §b[SnowyGems-DEBUG] §fmincHR546 右键使用玩家宝石: 经验药水
[14:05:43] [Server thread/INFO]: mincHR546 issued server command: /sgem view
[14:05:57] [Server thread/INFO]: [SnowyGems] §b[SnowyGems-DEBUG] §fmincHR546 工作台点击 slot=2 cursor=PLAYER_HEAD isGem=发光药水 current=DIAMOND_CHESTPLATE
[14:05:57] [Server thread/INFO]: [SnowyGems] §b[SnowyGems-DEBUG] §fapplyGem 开始: gem=发光药水 target=DIAMOND_CHESTPLATE
[14:05:57] [Server thread/INFO]: [SnowyGems] §b[SnowyGems-DEBUG] §f开始执行奖励 (2 条)
[14:05:57] [Server thread/INFO]: [SnowyGems] §b[SnowyGems-DEBUG] §aapplyGem 成功! 执行了 1 条奖励: [LoreAdd]
[14:05:57] [Server thread/INFO]: [SnowyGems] §b[SnowyGems-DEBUG] §amincHR546 工作台镶嵌成功: 发光药水 -> DIAMOND_CHESTPLATE
[14:06:02] [Server thread/INFO]: mincHR546 issued server command: /sgem view
[14:06:05] [Server thread/INFO]: mincHR546 issued server command: /sgem view
[14:06:14] [Server thread/INFO]: [SnowyGems] §b[SnowyGems-DEBUG] §fmincHR546 工作台点击 slot=1 cursor=PLAYER_HEAD isGem=跳跃提升药水3 current=NETHERITE_SWORD
[14:06:14] [Server thread/INFO]: [SnowyGems] §b[SnowyGems-DEBUG] §fapplyGem 开始: gem=跳跃提升药水3 target=NETHERITE_SWORD
[14:06:14] [Server thread/INFO]: [SnowyGems] §b[SnowyGems-DEBUG] §f开始执行奖励 (1 条)
[14:06:14] [Server thread/INFO]: [SnowyGems] §b[SnowyGems-DEBUG] §aapplyGem 成功! 执行了 1 条奖励: [LoreVar]
[14:06:14] [Server thread/INFO]: [SnowyGems] §b[SnowyGems-DEBUG] §amincHR546 工作台镶嵌成功: 跳跃提升药水3 -> NETHERITE_SWORD
[14:06:20] [Server thread/INFO]: mincHR546 issued server command: /sgem view
[14:06:34] [Server thread/INFO]: [SnowyGems] §b[SnowyGems-DEBUG] §fmincHR546 工作台点击 slot=1 cursor=PLAYER_HEAD isGem=速度药水3 current=DIAMOND_CHESTPLATE
[14:06:34] [Server thread/INFO]: [SnowyGems] §b[SnowyGems-DEBUG] §fapplyGem 开始: gem=速度药水3 target=DIAMOND_CHESTPLATE
[14:06:34] [Server thread/INFO]: [SnowyGems] §b[SnowyGems-DEBUG] §f开始执行奖励 (1 条)
[14:06:34] [Server thread/INFO]: [SnowyGems] §b[SnowyGems-DEBUG] §aapplyGem 成功! 执行了 1 条奖励: [LoreVar]
[14:06:34] [Server thread/INFO]: [SnowyGems] §b[SnowyGems-DEBUG] §amincHR546 工作台镶嵌成功: 速度药水3 -> DIAMOND_CHESTPLATE
[14:06:40] [Server thread/INFO]: [mincHR546: Set own game mode to Creative Mode]
[14:06:41] [Server thread/INFO]: mincHR546 issued server command: /sgem view
[14:06:48] [Server thread/INFO]: [SnowyGems] §b[SnowyGems-DEBUG] §fmincHR546 工作台点击 slot=8 cursor=PLAYER_HEAD isGem=速度药水3 current=DIAMOND_CHESTPLATE
[14:06:48] [Server thread/INFO]: [SnowyGems] §b[SnowyGems-DEBUG] §fapplyGem 开始: gem=速度药水3 target=DIAMOND_CHESTPLATE
[14:06:48] [Server thread/INFO]: [SnowyGems] §b[SnowyGems-DEBUG] §f开始执行奖励 (1 条)
[14:06:48] [Server thread/INFO]: [SnowyGems] §b[SnowyGems-DEBUG] §aapplyGem 成功! 执行了 1 条奖励: [LoreVar]
[14:06:49] [Server thread/INFO]: [SnowyGems] §b[SnowyGems-DEBUG] §amincHR546 工作台镶嵌成功: 速度药水3 -> DIAMOND_CHESTPLATE
[14:06:51] [Server thread/INFO]: mincHR546 issued server command: /sgem view
[14:07:07] [Server thread/INFO]: [SnowyGems] §b[SnowyGems-DEBUG] §fmincHR546 工作台点击 slot=8 cursor=PLAYER_HEAD isGem=无限宝石 current=DIAMOND_CHESTPLATE
[14:07:07] [Server thread/INFO]: [SnowyGems] §b[SnowyGems-DEBUG] §fapplyGem 开始: gem=无限宝石 target=DIAMOND_CHESTPLATE
[14:07:07] [Server thread/INFO]: [SnowyGems] §b[SnowyGems-DEBUG] §f开始执行奖励 (1 条)
[14:07:07] [Server thread/INFO]: [SnowyGems] §b[SnowyGems-DEBUG] §aapplyGem 成功! 执行了 1 条奖励: [Unbreakable]
[14:07:07] [Server thread/INFO]: [SnowyGems] §b[SnowyGems-DEBUG] §amincHR546 工作台镶嵌成功: 无限宝石 -> DIAMOND_CHESTPLATE
[14:07:09] [Server thread/INFO]: mincHR546 issued server command: /sgem view
[14:07:36] [Server thread/INFO]: mincHR546 issued server command: /sgem view
[14:07:55] [Server thread/INFO]: mincHR546 issued server command: /sgem view
[14:08:01] [Server thread/INFO]: [SnowyGems] §b[SnowyGems-DEBUG] §fmincHR546 工作台点击 slot=8 cursor=DIAMOND_CHESTPLATE isGem=null current=PLAYER_HEAD
[14:08:02] [Server thread/INFO]: [SnowyGems] §b[SnowyGems-DEBUG] §fmincHR546 工作台点击 slot=8 cursor=PLAYER_HEAD isGem=英雄的信物2 current=DIAMOND_CHESTPLATE
[14:08:02] [Server thread/INFO]: [SnowyGems] §b[SnowyGems-DEBUG] §fapplyGem 开始: gem=英雄的信物2 target=DIAMOND_CHESTPLATE
[14:08:02] [Server thread/INFO]: [SnowyGems] §b[SnowyGems-DEBUG] §f开始执行奖励 (1 条)
[14:08:02] [Server thread/INFO]: [SnowyGems] §b[SnowyGems-DEBUG] §aapplyGem 成功! 执行了 1 条奖励: [LoreVar]
[14:08:02] [Server thread/INFO]: [SnowyGems] §b[SnowyGems-DEBUG] §amincHR546 工作台镶嵌成功: 英雄的信物2 -> DIAMOND_CHESTPLATE
